Archive member included to satisfy reference by file (symbol)

d:/programme/atmel/studio/7.0/toolchain/avr8/avr8-gnu-toolchain/bin/../lib/gcc/avr/4.9.2/../../../../avr/lib/avr6\libm.a(addsf3.o)
                              uart1.o (__subsf3)
d:/programme/atmel/studio/7.0/toolchain/avr8/avr8-gnu-toolchain/bin/../lib/gcc/avr/4.9.2/../../../../avr/lib/avr6\libm.a(addsf3x.o)
                              d:/programme/atmel/studio/7.0/toolchain/avr8/avr8-gnu-toolchain/bin/../lib/gcc/avr/4.9.2/../../../../avr/lib/avr6\libm.a(addsf3.o) (__addsf3x)
d:/programme/atmel/studio/7.0/toolchain/avr8/avr8-gnu-toolchain/bin/../lib/gcc/avr/4.9.2/../../../../avr/lib/avr6\libm.a(fixsfsi.o)
                              uart1.o (__fixsfsi)
d:/programme/atmel/studio/7.0/toolchain/avr8/avr8-gnu-toolchain/bin/../lib/gcc/avr/4.9.2/../../../../avr/lib/avr6\libm.a(fixunssfsi.o)
                              uart1.o (__fixunssfsi)
d:/programme/atmel/studio/7.0/toolchain/avr8/avr8-gnu-toolchain/bin/../lib/gcc/avr/4.9.2/../../../../avr/lib/avr6\libm.a(floatsisf.o)
                              uart1.o (__floatsisf)
d:/programme/atmel/studio/7.0/toolchain/avr8/avr8-gnu-toolchain/bin/../lib/gcc/avr/4.9.2/../../../../avr/lib/avr6\libm.a(fp_inf.o)
                              d:/programme/atmel/studio/7.0/toolchain/avr8/avr8-gnu-toolchain/bin/../lib/gcc/avr/4.9.2/../../../../avr/lib/avr6\libm.a(addsf3x.o) (__fp_inf)
d:/programme/atmel/studio/7.0/toolchain/avr8/avr8-gnu-toolchain/bin/../lib/gcc/avr/4.9.2/../../../../avr/lib/avr6\libm.a(fp_nan.o)
                              d:/programme/atmel/studio/7.0/toolchain/avr8/avr8-gnu-toolchain/bin/../lib/gcc/avr/4.9.2/../../../../avr/lib/avr6\libm.a(addsf3x.o) (__fp_nan)
d:/programme/atmel/studio/7.0/toolchain/avr8/avr8-gnu-toolchain/bin/../lib/gcc/avr/4.9.2/../../../../avr/lib/avr6\libm.a(fp_pscA.o)
                              d:/programme/atmel/studio/7.0/toolchain/avr8/avr8-gnu-toolchain/bin/../lib/gcc/avr/4.9.2/../../../../avr/lib/avr6\libm.a(addsf3x.o) (__fp_pscA)
d:/programme/atmel/studio/7.0/toolchain/avr8/avr8-gnu-toolchain/bin/../lib/gcc/avr/4.9.2/../../../../avr/lib/avr6\libm.a(fp_pscB.o)
                              d:/programme/atmel/studio/7.0/toolchain/avr8/avr8-gnu-toolchain/bin/../lib/gcc/avr/4.9.2/../../../../avr/lib/avr6\libm.a(addsf3x.o) (__fp_pscB)
d:/programme/atmel/studio/7.0/toolchain/avr8/avr8-gnu-toolchain/bin/../lib/gcc/avr/4.9.2/../../../../avr/lib/avr6\libm.a(fp_round.o)
                              d:/programme/atmel/studio/7.0/toolchain/avr8/avr8-gnu-toolchain/bin/../lib/gcc/avr/4.9.2/../../../../avr/lib/avr6\libm.a(addsf3.o) (__fp_round)
d:/programme/atmel/studio/7.0/toolchain/avr8/avr8-gnu-toolchain/bin/../lib/gcc/avr/4.9.2/../../../../avr/lib/avr6\libm.a(fp_split3.o)
                              d:/programme/atmel/studio/7.0/toolchain/avr8/avr8-gnu-toolchain/bin/../lib/gcc/avr/4.9.2/../../../../avr/lib/avr6\libm.a(addsf3x.o) (__fp_split3)
d:/programme/atmel/studio/7.0/toolchain/avr8/avr8-gnu-toolchain/bin/../lib/gcc/avr/4.9.2/../../../../avr/lib/avr6\libm.a(fp_zero.o)
                              d:/programme/atmel/studio/7.0/toolchain/avr8/avr8-gnu-toolchain/bin/../lib/gcc/avr/4.9.2/../../../../avr/lib/avr6\libm.a(addsf3x.o) (__fp_zero)
d:/programme/atmel/studio/7.0/toolchain/avr8/avr8-gnu-toolchain/bin/../lib/gcc/avr/4.9.2/../../../../avr/lib/avr6\libm.a(mulsf3.o)
                              uart1.o (__mulsf3)
d:/programme/atmel/studio/7.0/toolchain/avr8/avr8-gnu-toolchain/bin/../lib/gcc/avr/4.9.2/../../../../avr/lib/avr6\libm.a(mulsf3x.o)
                              d:/programme/atmel/studio/7.0/toolchain/avr8/avr8-gnu-toolchain/bin/../lib/gcc/avr/4.9.2/../../../../avr/lib/avr6\libm.a(mulsf3.o) (__mulsf3x)
D:\Diplomarbeit\Code\Atmel\Fernbedienung_server\fernbedienung\ArduinoCore\Debug\libArduinoCore.a(main.o)
                              D:/Programme/Atmel/Studio/7.0/Packs/atmel/ATmega_DFP/1.0.106/gcc/dev/atmega2560/avr6/crtatmega2560.o (main)
D:\Diplomarbeit\Code\Atmel\Fernbedienung_server\fernbedienung\ArduinoCore\Debug\libArduinoCore.a(wiring.o)
                              D:\Diplomarbeit\Code\Atmel\Fernbedienung_server\fernbedienung\ArduinoCore\Debug\libArduinoCore.a(main.o) (init)
D:\Diplomarbeit\Code\Atmel\Fernbedienung_server\fernbedienung\ArduinoCore\Debug\libArduinoCore.a(WString.o)
                              Sketch.o (_ZN6StringD2Ev)
D:\Diplomarbeit\Code\Atmel\Fernbedienung_server\fernbedienung\ArduinoCore\Debug\libArduinoCore.a(URTouch.o)
                              Sketch.o (_ZN7URTouchC1Ehhhhh)
D:\Diplomarbeit\Code\Atmel\Fernbedienung_server\fernbedienung\ArduinoCore\Debug\libArduinoCore.a(UTFT.o)
                              Sketch.o (_ZN4UTFTC1Ehiiiii)
D:\Diplomarbeit\Code\Atmel\Fernbedienung_server\fernbedienung\ArduinoCore\Debug\libArduinoCore.a(DefaultFonts.o)
                              Sketch.o (various_symbols)
D:\Diplomarbeit\Code\Atmel\Fernbedienung_server\fernbedienung\ArduinoCore\Debug\libArduinoCore.a(hooks.o)
[...]
Memory Configuration

Name             Origin             Length             Attributes
text             0x00000000         0x00100000         xr
data             0x00800200         0x0000fe00         rw !x
eeprom           0x00810000         0x00010000         rw !x
fuse             0x00820000         0x00000400         rw !x
lock             0x00830000         0x00000400         rw !x
signature        0x00840000         0x00000400         rw !x
user_signatures  0x00850000         0x00000400         rw !x
*default*        0x00000000         0xffffffff

Linker script and memory map

Address of section .data set to 0x800200
LOAD D:/Programme/Atmel/Studio/7.0/Packs/atmel/ATmega_DFP/1.0.106/gcc/dev/atmega2560/avr6/crtatmega2560.o
LOAD BB8.o
LOAD caution_sign.o
LOAD esp8266.o
LOAD Sketch.o
LOAD uart1.o
START GROUP
LOAD d:/programme/atmel/studio/7.0/toolchain/avr8/avr8-gnu-toolchain/bin/../lib/gcc/avr/4.9.2/../../../../avr/lib/avr6\libm.a
LOAD D:\Diplomarbeit\Code\Atmel\Fernbedienung_server\fernbedienung\ArduinoCore\Debug\libArduinoCore.a
END GROUP
LOAD d:/programme/atmel/studio/7.0/toolchain/avr8/avr8-gnu-toolchain/bin/../lib/gcc/avr/4.9.2/avr6\libgcc.a
LOAD d:/programme/atmel/studio/7.0/toolchain/avr8/avr8-gnu-toolchain/bin/../lib/gcc/avr/4.9.2/../../../../avr/lib/avr6\libm.a
START GROUP
LOAD d:/programme/atmel/studio/7.0/toolchain/avr8/avr8-gnu-toolchain/bin/../lib/gcc/avr/4.9.2/avr6\libgcc.a
LOAD d:/programme/atmel/studio/7.0/toolchain/avr8/avr8-gnu-toolchain/bin/../lib/gcc/avr/4.9.2/../../../../avr/lib/avr6\libm.a
LOAD d:/programme/atmel/studio/7.0/toolchain/avr8/avr8-gnu-toolchain/bin/../lib/gcc/avr/4.9.2/../../../../avr/lib/avr6\libc.a
LOAD D:/Programme/Atmel/Studio/7.0/Packs/atmel/ATmega_DFP/1.0.106/gcc/dev/atmega2560/avr6\libatmega2560.a
END GROUP
                0x00100000                __TEXT_REGION_LENGTH__ = DEFINED (__TEXT_REGION_LENGTH__)?__TEXT_REGION_LENGTH__:0x100000
                0x0000fe00                __DATA_REGION_LENGTH__ = DEFINED (__DATA_REGION_LENGTH__)?__DATA_REGION_LENGTH__:0xfe00
                0x00010000                __EEPROM_REGION_LENGTH__ = DEFINED (__EEPROM_REGION_LENGTH__)?__EEPROM_REGION_LENGTH__:0x10000
                0x00000400                __FUSE_REGION_LENGTH__ = DEFINED (__FUSE_REGION_LENGTH__)?__FUSE_REGION_LENGTH__:0x400
                0x00000400                __LOCK_REGION_LENGTH__ = DEFINED (__LOCK_REGION_LENGTH__)?__LOCK_REGION_LENGTH__:0x400
                0x00000400                __SIGNATURE_REGION_LENGTH__ = DEFINED (__SIGNATURE_REGION_LENGTH__)?__SIGNATURE_REGION_LENGTH__:0x400
                0x00000400                __USER_SIGNATURE_REGION_LENGTH__ = DEFINED (__USER_SIGNATURE_REGION_LENGTH__)?__USER_SIGNATURE_REGION_LENGTH__:0x400

.hash
 *(.hash)

.dynsym
 *(.dynsym)

.dynstr
 *(.dynstr)

.gnu.version
 *(.gnu.version)

.gnu.version_d
 *(.gnu.version_d)

.gnu.version_r
 *(.gnu.version_r)

.rel.init
 *(.rel.init)

.rela.init
 *(.rela.init)

.rel.text
 *(.rel.text)
 *(.rel.text.*)
 *(.rel.gnu.linkonce.t*)

.rela.text
 *(.rela.text)
 *(.rela.text.*)
 *(.rela.gnu.linkonce.t*)

.rel.fini
 *(.rel.fini)

.rela.fini
 *(.rela.fini)

.rel.rodata
 *(.rel.rodata)
 *(.rel.rodata.*)
 *(.rel.gnu.linkonce.r*)

.rela.rodata
 *(.rela.rodata)
 *(.rela.rodata.*)
 *(.rela.gnu.linkonce.r*)

.rel.data
 *(.rel.data)
 *(.rel.data.*)
 *(.rel.gnu.linkonce.d*)

.rela.data
 *(.rela.data)
 *(.rela.data.*)
 *(.rela.gnu.linkonce.d*)

.rel.ctors
 *(.rel.ctors)

.rela.ctors
 *(.rela.ctors)

.rel.dtors
 *(.rel.dtors)

.rela.dtors
 *(.rela.dtors)

.rel.got
 *(.rel.got)

.rela.got
 *(.rela.got)

.rel.bss
 *(.rel.bss)

.rela.bss
 *(.rela.bss)

.rel.plt
 *(.rel.plt)

.rela.plt
 *(.rela.plt)

.text           0x00000000     0x9bf0
 *(.vectors)
 .vectors       0x00000000       0xe4 D:/Programme/Atmel/Studio/7.0/Packs/atmel/ATmega_DFP/1.0.106/gcc/dev/atmega2560/avr6/crtatmega2560.o
                0x00000000                __vector_default
                0x00000000                __vectors
 *(.vectors)
 *(.progmem.gcc*)
 .progmem.gcc_sw_table.turnOffPWM
                0x000000e4       0x24 D:\Diplomarbeit\Code\Atmel\Fernbedienung_server\fernbedienung\ArduinoCore\Debug\libArduinoCore.a(wiring_digital.o)
 .progmem.gcc_fplib
                0x00000108       0x1e d:/programme/atmel/studio/7.0/toolchain/avr8/avr8-gnu-toolchain/bin/../lib/gcc/avr/4.9.2/../../../../avr/lib/avr6\libm.a(fp_sinus.o)
                0x00000126                . = ALIGN (0x2)
                0x00000126                __trampolines_start = .
 *(.trampolines)
 .trampolines   0x00000126        0x0 linker stubs
 *(.trampolines*)
                0x00000126                __trampolines_end = .
 *libprintf_flt.a:*(.progmem.data)
 *libc.a:*(.progmem.data)
 *(.progmem*)
 .progmem.data.various_symbols
                0x00000126      0xbe4 D:\Diplomarbeit\Code\Atmel\Fernbedienung_server\fernbedienung\ArduinoCore\Debug\libArduinoCore.a(DefaultFonts.o)
                0x00000126                various_symbols
 .progmem.data.arial_bold
                0x00000d0a      0xbe4 D:\Diplomarbeit\Code\Atmel\Fernbedienung_server\fernbedienung\ArduinoCore\Debug\libArduinoCore.a(DefaultFonts.o)
                0x00000d0a                arial_bold
 .progmem.data.SevenSegNumFont
                0x000018ee      0x7d4 D:\Diplomarbeit\Code\Atmel\Fernbedienung_server\fernbedienung\ArduinoCore\Debug\libArduinoCore.a(DefaultFonts.o)
                0x000018ee                SevenSegNumFont
 .progmem.data.BigFont
                0x000020c2      0xbe4 D:\Diplomarbeit\Code\Atmel\Fernbedienung_server\fernbedienung\ArduinoCore\Debug\libArduinoCore.a(DefaultFonts.o)
                0x000020c2                BigFont
 .progmem.data.SmallFont
                0x00002ca6      0x478 D:\Diplomarbeit\Code\Atmel\Fernbedienung_server\fernbedienung\ArduinoCore\Debug\libArduinoCore.a(DefaultFonts.o)
                0x00002ca6                SmallFont
 .progmem.data.digital_pin_to_timer_PGM
                0x0000311e       0x46 D:\Diplomarbeit\Code\Atmel\Fernbedienung_server\fernbedienung\ArduinoCore\Debug\libArduinoCore.a(wiring_digital.o)
                0x0000311e                digital_pin_to_timer_PGM
 .progmem.data.digital_pin_to_bit_mask_PGM
                0x00003164       0x46 D:\Diplomarbeit\Code\Atmel\Fernbedienung_server\fernbedienung\ArduinoCore\Debug\libArduinoCore.a(wiring_digital.o)
                0x00003164                digital_pin_to_bit_mask_PGM
 .progmem.data.digital_pin_to_port_PGM
                0x000031aa       0x46 D:\Diplomarbeit\Code\Atmel\Fernbedienung_server\fernbedienung\ArduinoCore\Debug\libArduinoCore.a(wiring_digital.o)
                0x000031aa                digital_pin_to_port_PGM
 .progmem.data.port_to_input_PGM
                0x000031f0       0x1a D:\Diplomarbeit\Code\Atmel\Fernbedienung_server\fernbedienung\ArduinoCore\Debug\libArduinoCore.a(wiring_digital.o)
                0x000031f0                port_to_input_PGM
 .progmem.data.port_to_output_PGM
                0x0000320a       0x1a D:\Diplomarbeit\Code\Atmel\Fernbedienung_server\fernbedienung\ArduinoCore\Debug\libArduinoCore.a(wiring_digital.o)
                0x0000320a                port_to_output_PGM
 .progmem.data.port_to_mode_PGM
                0x00003224       0x1a D:\Diplomarbeit\Code\Atmel\Fernbedienung_server\fernbedienung\ArduinoCore\Debug\libArduinoCore.a(wiring_digital.o)
                0x00003224                port_to_mode_PGM
                0x0000323e                . = ALIGN (0x2)
 *(.jumptables)
 *(.jumptables*)
 *(.lowtext)
 *(.lowtext*)
                0x0000323e                __ctors_start = .
 *(.ctors)
 .ctors         0x0000323e        0x2 Sketch.o
                0x00003240                __ctors_end = .
                0x00003240                __dtors_start = .
 *(.dtors)
 .dtors         0x00003240        0x2 Sketch.o
                0x00003242                __dtors_end = .
 SORT(*)(.ctors)
 SORT(*)(.dtors)
 *(.init0)
 .init0         0x00003242        0x0 D:/Programme/Atmel/Studio/7.0/Packs/atmel/ATmega_DFP/1.0.106/gcc/dev/atmega2560/avr6/crtatmega2560.o
                0x00003242                __init
 *(.init0)
 *(.init1)
 *(.init1)
 *(.init2)
 .init2         0x00003242       0x10 D:/Programme/Atmel/Studio/7.0/Packs/atmel/ATmega_DFP/1.0.106/gcc/dev/atmega2560/avr6/crtatmega2560.o
 *(.init2)
 *(.init3)
 *(.init3)
 *(.init4)
 .init4         0x00003252       0x1a d:/programme/atmel/studio/7.0/toolchain/avr8/avr8-gnu-toolchain/bin/../lib/gcc/avr/4.9.2/avr6\libgcc.a(_copy_data.o)
                0x00003252                __do_copy_data
 .init4         0x0000326c       0x10 d:/programme/atmel/studio/7.0/toolchain/avr8/avr8-gnu-toolchain/bin/../lib/gcc/avr/4.9.2/avr6\libgcc.a(_clear_bss.o)
                0x0000326c                __do_clear_bss
 *(.init4)
 *(.init5)
 *(.init5)
 *(.init6)
 .init6         0x0000327c       0x20 d:/programme/atmel/studio/7.0/toolchain/avr8/avr8-gnu-toolchain/bin/../lib/gcc/avr/4.9.2/avr6\libgcc.a(_ctors.o)
                0x0000327c                __do_global_ctors
 *(.init6)
 *(.init7)
 *(.init7)
 *(.init8)
 *(.init8)
 *(.init9)
 .init9         0x0000329c        0x8 D:/Programme/Atmel/Studio/7.0/Packs/atmel/ATmega_DFP/1.0.106/gcc/dev/atmega2560/avr6/crtatmega2560.o
 *(.init9)
 *(.text)
 .text          0x000032a4        0x4 D:/Programme/Atmel/Studio/7.0/Packs/atmel/ATmega_DFP/1.0.106/gcc/dev/atmega2560/avr6/crtatmega2560.o
                0x000032a4                __vector_22
                0x000032a4                __vector_28
                0x000032a4                __vector_1
                0x000032a4                __vector_32
                0x000032a4                __vector_34
                0x000032a4                __vector_24
                0x000032a4                __vector_12
                0x000032a4                __vector_55
                0x000032a4                __vector_46
                0x000032a4                __bad_interrupt
                0x000032a4                __vector_6
                0x000032a4                __vector_31
                0x000032a4                __vector_35
                0x000032a4                __vector_39
                0x000032a4                __vector_3
                0x000032a4                __vector_30
                0x000032a4                __vector_45
                0x000032a4                __vector_25
                0x000032a4                __vector_11
                0x000032a4                __vector_54
                0x000032a4                __vector_13
                0x000032a4                __vector_19
                0x000032a4                __vector_56
                0x000032a4                __vector_7
                0x000032a4                __vector_49
                0x000032a4                __vector_41
                0x000032a4                __vector_43
                0x000032a4                __vector_27
                0x000032a4                __vector_5
                0x000032a4                __vector_33
                0x000032a4                __vector_47
                0x000032a4                __vector_52
                0x000032a4                __vector_37
                0x000032a4                __vector_4
                0x000032a4                __vector_44
                0x000032a4                __vector_51
                0x000032a4                __vector_9
                0x000032a4                __vector_2
                0x000032a4                __vector_21
                0x000032a4                __vector_15
                0x000032a4                __vector_29
                0x000032a4                __vector_40
                0x000032a4                __vector_8
                0x000032a4                __vector_26
                0x000032a4                __vector_48
                0x000032a4                __vector_14
                0x000032a4                __vector_53
                0x000032a4                __vector_10
                0x000032a4                __vector_50
                0x000032a4                __vector_16
                0x000032a4                __vector_18
                0x000032a4                __vector_20
                0x000032a4                __vector_42
                0x000032a8                . = ALIGN (0x2)
 *(.text.*)
 .text.recChar  0x000032a8       0x3c esp8266.o
                0x000032a8                recChar
 .text.ESP8266_registerMessageCallback
                0x000032e4        0xa esp8266.o
                0x000032e4                ESP8266_registerMessageCallback
 .text.ESP8266_Init
                0x000032ee       0x26 esp8266.o
                0x000032ee                ESP8266_Init
 .text.ESP8266_sendMessage
                0x00003314       0x82 esp8266.o
                0x00003314                ESP8266_sendMessage
 .text.ESP8266_isConnected
                0x00003396        0x4 esp8266.o
                0x00003396                ESP8266_isConnected
 .text._Z6addLog6String
                0x0000339a       0x62 Sketch.o
                0x0000339a                _Z6addLog6String
 .text._Z12BoolCallBackab
                0x000033fc       0x96 Sketch.o
                0x000033fc                _Z12BoolCallBackab
 .text._Z8printLogv
                0x00003492      0x12a Sketch.o
                0x00003492                _Z8printLogv
 .text._Z13DrawMenuEntry6Stringbi
                0x000035bc      0x184 Sketch.o
                0x000035bc                _Z13DrawMenuEntry6Stringbi
 .text._Z22DrawMenuEntryIntNumberi6Stringi
                0x00003740      0x302 Sketch.o
                0x00003740                _Z22DrawMenuEntryIntNumberi6Stringi
 .text._Z12addMenuEntry6StringbPFvabE
                0x00003a42       0x66 Sketch.o
                0x00003a42                _Z12addMenuEntry6StringbPFvabE
 .text._Z18addMenuEntryIntNum6StringiiPFvaiE
                0x00003aa8       0x7e Sketch.o
                0x00003aa8                _Z18addMenuEntryIntNum6StringiiPFvaiE
 .text._Z13DrawInterfacev
                0x00003b26      0x302 Sketch.o
                0x00003b26                _Z13DrawInterfacev
 .text._Z7drawLogv
                0x00003e28       0xd4 Sketch.o
                0x00003e28                _Z7drawLogv
 .text._Z12recMessFunc1Pc
                0x00003efc      0x24a Sketch.o
                0x00003efc                _Z12recMessFunc1Pc
 .text._Z10drawButtoniiiiPca
                0x00004146      0x156 Sketch.o
                0x00004146                _Z10drawButtoniiiiPca
 .text._Z12applyChangesv
                0x0000429c       0xb4 Sketch.o
                0x0000429c                _Z12applyChangesv
 .text._Z10drawMsgBoxv
                0x00004350      0x1cc Sketch.o
                0x00004350                _Z10drawMsgBoxv
 .text._Z9waitForItiiii
                0x0000451c       0x84 Sketch.o
                0x0000451c                _Z9waitForItiiii
 .text._Z18drawKeyboardScreeni
                0x000045a0      0x84a Sketch.o
                0x000045a0                _Z18drawKeyboardScreeni
 .text._Z14EntryTouchCalch
                0x00004dea      0x28c Sketch.o
                0x00004dea                _Z14EntryTouchCalch
 .text._Z12IntToString_jPc
                0x00005076       0x60 Sketch.o
                0x00005076                _Z12IntToString_jPc
 .text._Z11IntCallBackai
                0x000050d6       0xac Sketch.o
                0x000050d6                _Z11IntCallBackai
 .text._Z20TouchEventManagementv
                0x00005182      0x396 Sketch.o
                0x00005182                _Z20TouchEventManagementv
 .text.setup    0x00005518      0x168 Sketch.o
                0x00005518                setup
 .text.loop     0x00005680        0x2 Sketch.o
                0x00005680                loop
 .text.__vector_17
                0x00005682       0xce Sketch.o
                0x00005682                __vector_17
 .text.startup._GLOBAL__sub_I_myGLCD
                0x00005750       0xca Sketch.o
 .text.exit._GLOBAL__sub_D_myGLCD
                0x0000581a       0x36 Sketch.o
 .text.uart1_init
                0x00005850       0xc8 uart1.o
                0x00005850                uart1_init
 .text.uart1_init_x
                0x00005918       0x2c uart1.o
                0x00005918                uart1_init_x
 .text.uart1_registerCallBack
                0x00005944        0xa uart1.o
                0x00005944                uart1_registerCallBack
 .text.uart1_putc
                0x0000594e        0xe uart1.o
                0x0000594e                uart1_putc
 .text.uart1_newline
                0x0000595c        0x8 uart1.o
                0x0000595c                uart1_newline
 .text.uart1_puts
                0x00005964       0x24 uart1.o
                0x00005964                uart1_puts
 .text.__vector_38
                0x00005988       0x58 uart1.o
                0x00005988                __vector_38
 .text.__vector_36
                0x000059e0       0x6c uart1.o
                0x000059e0                __vector_36
 .text.avr-libc.fplib
                0x00005a4c        0xa d:/programme/atmel/studio/7.0/toolchain/avr8/avr8-gnu-toolchain/bin/../lib/gcc/avr/4.9.2/../../../../avr/lib/avr6\libm.a(addsf3.o)
                0x00005a4c                __subsf3
                0x00005a4e                __addsf3
 .text.avr-libc.fplib
                0x00005a56       0xc0 d:/programme/atmel/studio/7.0/toolchain/avr8/avr8-gnu-toolchain/bin/../lib/gcc/avr/4.9.2/../../../../avr/lib/avr6\libm.a(addsf3x.o)
                0x00005a70                __addsf3x
 .text.avr-libc.fplib
                0x00005b16        0xa d:/programme/atmel/studio/7.0/toolchain/avr8/avr8-gnu-toolchain/bin/../lib/gcc/avr/4.9.2/../../../../avr/lib/avr6\libm.a(fixsfsi.o)
                0x00005b16                __fixsfsi
 .text.avr-libc.fplib
                0x00005b20       0x58 d:/programme/atmel/studio/7.0/toolchain/avr8/avr8-gnu-toolchain/bin/../lib/gcc/avr/4.9.2/../../../../avr/lib/avr6\libm.a(fixunssfsi.o)
                0x00005b20                __fixunssfsi
 .text.avr-libc.fplib
                0x00005b78       0x7a d:/programme/atmel/studio/7.0/toolchain/avr8/avr8-gnu-toolchain/bin/../lib/gcc/avr/4.9.2/../../../../avr/lib/avr6\libm.a(floatsisf.o)
                0x00005b78                __floatunsisf
                0x00005b7c                __floatsisf
 .text.avr-libc.fplib
                0x00005bf2        0xc d:/programme/atmel/studio/7.0/toolchain/avr8/avr8-gnu-toolchain/bin/../lib/gcc/avr/4.9.2/../../../../avr/lib/avr6\libm.a(fp_inf.o)
                0x00005bf2                __fp_inf
 .text.avr-libc.fplib
                0x00005bfe        0x6 d:/programme/atmel/studio/7.0/toolchain/avr8/avr8-gnu-toolchain/bin/../lib/gcc/avr/4.9.2/../../../../avr/lib/avr6\libm.a(fp_nan.o)
                0x00005bfe                __fp_nan
 .text.avr-libc.fplib
                0x00005c04        0xe d:/programme/atmel/studio/7.0/toolchain/avr8/avr8-gnu-toolchain/bin/../lib/gcc/avr/4.9.2/../../../../avr/lib/avr6\libm.a(fp_pscA.o)
                0x00005c04                __fp_pscA
 .text.avr-libc.fplib
                0x00005c12        0xe d:/programme/atmel/studio/7.0/toolchain/avr8/avr8-gnu-toolchain/bin/../lib/gcc/avr/4.9.2/../../../../avr/lib/avr6\libm.a(fp_pscB.o)
                0x00005c12                __fp_pscB
 .text.avr-libc.fplib
                0x00005c20       0x22 d:/programme/atmel/studio/7.0/toolchain/avr8/avr8-gnu-toolchain/bin/../lib/gcc/avr/4.9.2/../../../../avr/lib/avr6\libm.a(fp_round.o)
                0x00005c20                __fp_round
 .text.avr-libc.fplib
                0x00005c42       0x44 d:/programme/atmel/studio/7.0/toolchain/avr8/avr8-gnu-toolchain/bin/../lib/gcc/avr/4.9.2/../../../../avr/lib/avr6\libm.a(fp_split3.o)
                0x00005c42                __fp_split3
                0x00005c52                __fp_splitA
 .text.avr-libc.fplib
                0x00005c86        0xe d:/programme/atmel/studio/7.0/toolchain/avr8/avr8-gnu-toolchain/bin/../lib/gcc/avr/4.9.2/../../../../avr/lib/avr6\libm.a(fp_zero.o)
                0x00005c86                __fp_zero
                0x00005c88                __fp_szero
 .text.avr-libc.fplib
                0x00005c94        0x4 d:/programme/atmel/studio/7.0/toolchain/avr8/avr8-gnu-toolchain/bin/../lib/gcc/avr/4.9.2/../../../../avr/lib/avr6\libm.a(mulsf3.o)
                0x00005c94                __mulsf3
 .text.avr-libc.fplib
                0x00005c98       0xc2 d:/programme/atmel/studio/7.0/toolchain/avr8/avr8-gnu-toolchain/bin/../lib/gcc/avr/4.9.2/../../../../avr/lib/avr6\libm.a(mulsf3x.o)
                0x00005cac                __mulsf3x
                0x00005cb0                __mulsf3_pse
 .text.initVariant
                0x00005d5a        0x2 D:\Diplomarbeit\Code\Atmel\Fernbedienung_server\fernbedienung\ArduinoCore\Debug\libArduinoCore.a(main.o)
                0x00005d5a                initVariant
 .text.startup.main
                0x00005d5c       0x16 D:\Diplomarbeit\Code\Atmel\Fernbedienung_server\fernbedienung\ArduinoCore\Debug\libArduinoCore.a(main.o)
                0x00005d5c                main
 .text.__vector_23
                0x00005d72       0x94 D:\Diplomarbeit\Code\Atmel\Fernbedienung_server\fernbedienung\ArduinoCore\Debug\libArduinoCore.a(wiring.o)
                0x00005d72                __vector_23
 .text.micros   0x00005e06       0x4a D:\Diplomarbeit\Code\Atmel\Fernbedienung_server\fernbedienung\ArduinoCore\Debug\libArduinoCore.a(wiring.o)
                0x00005e06                micros
 .text.delay    0x00005e50       0x74 D:\Diplomarbeit\Code\Atmel\Fernbedienung_server\fernbedienung\ArduinoCore\Debug\libArduinoCore.a(wiring.o)
                0x00005e50                delay
 .text.init     0x00005ec4       0xc4 D:\Diplomarbeit\Code\Atmel\Fernbedienung_server\fernbedienung\ArduinoCore\Debug\libArduinoCore.a(wiring.o)
                0x00005ec4                init
 .text._ZN6StringD2Ev
                0x00005f88        0xa D:\Diplomarbeit\Code\Atmel\Fernbedienung_server\fernbedienung\ArduinoCore\Debug\libArduinoCore.a(WString.o)
                0x00005f88                _ZN6StringD2Ev
                0x00005f88                _ZN6StringD1Ev
 .text._ZN6String10invalidateEv
                0x00005f92       0x24 D:\Diplomarbeit\Code\Atmel\Fernbedienung_server\fernbedienung\ArduinoCore\Debug\libArduinoCore.a(WString.o)
                0x00005f92                _ZN6String10invalidateEv
 .text._ZN6String12changeBufferEj
                0x00005fb6       0x34 D:\Diplomarbeit\Code\Atmel\Fernbedienung_server\fernbedienung\ArduinoCore\Debug\libArduinoCore.a(WString.o)
                0x00005fb6                _ZN6String12changeBufferEj
 .text._ZN6String7reserveEj
                0x00005fea       0x36 D:\Diplomarbeit\Code\Atmel\Fernbedienung_server\fernbedienung\ArduinoCore\Debug\libArduinoCore.a(WString.o)
                0x00005fea                _ZN6String7reserveEj
 .text._ZN6String4copyEPKcj
                0x00006020       0x3e D:\Diplomarbeit\Code\Atmel\Fernbedienung_server\fernbedienung\ArduinoCore\Debug\libArduinoCore.a(WString.o)
                0x00006020                _ZN6String4copyEPKcj
 .text._ZN6StringC2EPKc
                0x0000605e       0x28 D:\Diplomarbeit\Code\Atmel\Fernbedienung_server\fernbedienung\ArduinoCore\Debug\libArduinoCore.a(WString.o)
                0x0000605e                _ZN6StringC2EPKc
                0x0000605e                _ZN6StringC1EPKc
 .text._ZN6StringaSERKS_
                0x00006086       0x2a D:\Diplomarbeit\Code\Atmel\Fernbedienung_server\fernbedienung\ArduinoCore\Debug\libArduinoCore.a(WString.o)
                0x00006086                _ZN6StringaSERKS_
 .text._ZN6StringC2ERKS_
                0x000060b0       0x10 D:\Diplomarbeit\Code\Atmel\Fernbedienung_server\fernbedienung\ArduinoCore\Debug\libArduinoCore.a(WString.o)
                0x000060b0                _ZN6StringC2ERKS_
                0x000060b0                _ZN6StringC1ERKS_
 .text._ZN6StringaSEPKc
                0x000060c0       0x2a D:\Diplomarbeit\Code\Atmel\Fernbedienung_server\fernbedienung\ArduinoCore\Debug\libArduinoCore.a(WString.o)
                0x000060c0                _ZN6StringaSEPKc
 .text._ZN6String6concatEPKcj
                0x000060ea       0x5a D:\Diplomarbeit\Code\Atmel\Fernbedienung_server\fernbedienung\ArduinoCore\Debug\libArduinoCore.a(WString.o)
                0x000060ea                _ZN6String6concatEPKcj
 .text._ZN6String6concatEh
                0x00006144       0x54 D:\Diplomarbeit\Code\Atmel\Fernbedienung_server\fernbedienung\ArduinoCore\Debug\libArduinoCore.a(WString.o)
                0x00006144                _ZN6String6concatEh
 .text._ZN6String6concatEi
                0x00006198       0x5e D:\Diplomarbeit\Code\Atmel\Fernbedienung_server\fernbedienung\ArduinoCore\Debug\libArduinoCore.a(WString.o)
                0x00006198                _ZN6String6concatEi
 .text._ZplRK15StringSumHelperPKc
                0x000061f6       0x2e D:\Diplomarbeit\Code\Atmel\Fernbedienung_server\fernbedienung\ArduinoCore\Debug\libArduinoCore.a(WString.o)
                0x000061f6                _ZplRK15StringSumHelperPKc
 .text._ZplRK15StringSumHelperh
                0x00006224       0x18 D:\Diplomarbeit\Code\Atmel\Fernbedienung_server\fernbedienung\ArduinoCore\Debug\libArduinoCore.a(WString.o)
                0x00006224                _ZplRK15StringSumHelperh
 .text._ZplRK15StringSumHelperi
                0x0000623c       0x18 D:\Diplomarbeit\Code\Atmel\Fernbedienung_server\fernbedienung\ArduinoCore\Debug\libArduinoCore.a(WString.o)
                0x0000623c                _ZplRK15StringSumHelperi
 .text._ZNK6StringixEj
                0x00006254       0x22 D:\Diplomarbeit\Code\Atmel\Fernbedienung_server\fernbedienung\ArduinoCore\Debug\libArduinoCore.a(WString.o)
                0x00006254                _ZNK6StringixEj
 .text._ZNK6String6charAtEj
                0x00006276        0x2 D:\Diplomarbeit\Code\Atmel\Fernbedienung_server\fernbedienung\ArduinoCore\Debug\libArduinoCore.a(WString.o)
                0x00006276                _ZNK6String6charAtEj
 .text._ZNK6String8getBytesEPhjj
                0x00006278       0x5e D:\Diplomarbeit\Code\Atmel\Fernbedienung_server\fernbedienung\ArduinoCore\Debug\libArduinoCore.a(WString.o)
                0x00006278                _ZNK6String8getBytesEPhjj
 .text._ZNK6String9substringEjj
                0x000062d6       0x88 D:\Diplomarbeit\Code\Atmel\Fernbedienung_server\fernbedienung\ArduinoCore\Debug\libArduinoCore.a(WString.o)
                0x000062d6                _ZNK6String9substringEjj
 .text._ZN7URTouch15touch_WriteDataEh
                0x0000635e       0x4a D:\Diplomarbeit\Code\Atmel\Fernbedienung_server\fernbedienung\ArduinoCore\Debug\libArduinoCore.a(URTouch.o)
                0x0000635e                _ZN7URTouch15touch_WriteDataEh
 .text._ZN7URTouch14touch_ReadDataEv
                0x000063a8       0x3a D:\Diplomarbeit\Code\Atmel\Fernbedienung_server\fernbedienung\ArduinoCore\Debug\libArduinoCore.a(URTouch.o)
                0x000063a8                _ZN7URTouch14touch_ReadDataEv
 .text._ZN7URTouchC2Ehhhhh
                0x000063e2       0x16 D:\Diplomarbeit\Code\Atmel\Fernbedienung_server\fernbedienung\ArduinoCore\Debug\libArduinoCore.a(URTouch.o)
                0x000063e2                _ZN7URTouchC2Ehhhhh
                0x000063e2                _ZN7URTouchC1Ehhhhh
 .text._ZN7URTouch9InitTouchEh
                0x000063f8      0x19a D:\Diplomarbeit\Code\Atmel\Fernbedienung_server\fernbedienung\ArduinoCore\Debug\libArduinoCore.a(URTouch.o)
                0x000063f8                _ZN7URTouch9InitTouchEh
 .text._ZN7URTouch4readEv
                0x00006592      0x34a D:\Diplomarbeit\Code\Atmel\Fernbedienung_server\fernbedienung\ArduinoCore\Debug\libArduinoCore.a(URTouch.o)
                0x00006592                _ZN7URTouch4readEv
 .text._ZN7URTouch13dataAvailableEv
                0x000068dc       0x32 D:\Diplomarbeit\Code\Atmel\Fernbedienung_server\fernbedienung\ArduinoCore\Debug\libArduinoCore.a(URTouch.o)
                0x000068dc                _ZN7URTouch13dataAvailableEv
 .text._ZN7URTouch4getXEv
                0x0000690e      0x190 D:\Diplomarbeit\Code\Atmel\Fernbedienung_server\fernbedienung\ArduinoCore\Debug\libArduinoCore.a(URTouch.o)
                0x0000690e                _ZN7URTouch4getXEv
 .text._ZN7URTouch4getYEv
                0x00006a9e      0x18c D:\Diplomarbeit\Code\Atmel\Fernbedienung_server\fernbedienung\ArduinoCore\Debug\libArduinoCore.a(URTouch.o)
                0x00006a9e                _ZN7URTouch4getYEv
 .text._ZN7URTouch12setPrecisionEh
                0x00006c2a       0x26 D:\Diplomarbeit\Code\Atmel\Fernbedienung_server\fernbedienung\ArduinoCore\Debug\libArduinoCore.a(URTouch.o)
                0x00006c2a                _ZN7URTouch12setPrecisionEh
 .text._ZN4UTFT12LCD_Writ_BusEcch
                0x00006c50      0x32e D:\Diplomarbeit\Code\Atmel\Fernbedienung_server\fernbedienung\ArduinoCore\Debug\libArduinoCore.a(UTFT.o)
                0x00006c50                _ZN4UTFT12LCD_Writ_BusEcch
 .text._ZN4UTFT24_set_direction_registersEh
                0x00006f7e       0x20 D:\Diplomarbeit\Code\Atmel\Fernbedienung_server\fernbedienung\ArduinoCore\Debug\libArduinoCore.a(UTFT.o)
                0x00006f7e                _ZN4UTFT24_set_direction_registersEh
 .text._ZN4UTFT13_fast_fill_16Eiil
                0x00006f9e      0x264 D:\Diplomarbeit\Code\Atmel\Fernbedienung_server\fernbedienung\ArduinoCore\Debug\libArduinoCore.a(UTFT.o)
                0x00006f9e                _ZN4UTFT13_fast_fill_16Eiil
 .text._ZN4UTFT12_fast_fill_8Eil
                0x00007202      0x414 D:\Diplomarbeit\Code\Atmel\Fernbedienung_server\fernbedienung\ArduinoCore\Debug\libArduinoCore.a(UTFT.o)
                0x00007202                _ZN4UTFT12_fast_fill_8Eil
 .text._ZN4UTFTC2Ehiiiii
                0x00007616      0x3ae D:\Diplomarbeit\Code\Atmel\Fernbedienung_server\fernbedienung\ArduinoCore\Debug\libArduinoCore.a(UTFT.o)
                0x00007616                _ZN4UTFTC1Ehiiiii
                0x00007616                _ZN4UTFTC2Ehiiiii
 .text._ZN4UTFT13LCD_Write_COMEc
                0x000079c4       0x30 D:\Diplomarbeit\Code\Atmel\Fernbedienung_server\fernbedienung\ArduinoCore\Debug\libArduinoCore.a(UTFT.o)
                0x000079c4                _ZN4UTFT13LCD_Write_COMEc
 .text._ZN4UTFT14LCD_Write_DATAEcc
                0x000079f4       0x48 D:\Diplomarbeit\Code\Atmel\Fernbedienung_server\fernbedienung\ArduinoCore\Debug\libArduinoCore.a(UTFT.o)
                0x000079f4                _ZN4UTFT14LCD_Write_DATAEcc
 .text._ZN4UTFT14LCD_Write_DATAEc
                0x00007a3c       0x30 D:\Diplomarbeit\Code\Atmel\Fernbedienung_server\fernbedienung\ArduinoCore\Debug\libArduinoCore.a(UTFT.o)
                0x00007a3c                _ZN4UTFT14LCD_Write_DATAEc
 .text._ZN4UTFT7InitLCDEh
                0x00007a6c      0x1f6 D:\Diplomarbeit\Code\Atmel\Fernbedienung_server\fernbedienung\ArduinoCore\Debug\libArduinoCore.a(UTFT.o)
                0x00007a6c                _ZN4UTFT7InitLCDEh
 .text._ZN4UTFT5setXYEjjjj
                0x00007c62       0xc4 D:\Diplomarbeit\Code\Atmel\Fernbedienung_server\fernbedienung\ArduinoCore\Debug\libArduinoCore.a(UTFT.o)
                0x00007c62                _ZN4UTFT5setXYEjjjj
 .text._ZN4UTFT5clrXYEv
                0x00007d26       0x2c D:\Diplomarbeit\Code\Atmel\Fernbedienung_server\fernbedienung\ArduinoCore\Debug\libArduinoCore.a(UTFT.o)
                0x00007d26                _ZN4UTFT5clrXYEv
 .text._ZN4UTFT6clrScrEv
                0x00007d52      0x132 D:\Diplomarbeit\Code\Atmel\Fernbedienung_server\fernbedienung\ArduinoCore\Debug\libArduinoCore.a(UTFT.o)
                0x00007d52                _ZN4UTFT6clrScrEv
 .text._ZN4UTFT8setColorEhhh
                0x00007e84       0x28 D:\Diplomarbeit\Code\Atmel\Fernbedienung_server\fernbedienung\ArduinoCore\Debug\libArduinoCore.a(UTFT.o)
                0x00007e84                _ZN4UTFT8setColorEhhh
 .text._ZN4UTFT12setBackColorEhhh
                0x00007eac       0x28 D:\Diplomarbeit\Code\Atmel\Fernbedienung_server\fernbedienung\ArduinoCore\Debug\libArduinoCore.a(UTFT.o)
                0x00007eac                _ZN4UTFT12setBackColorEhhh
 .text._ZN4UTFT8setPixelEj
                0x00007ed4        0x6 D:\Diplomarbeit\Code\Atmel\Fernbedienung_server\fernbedienung\ArduinoCore\Debug\libArduinoCore.a(UTFT.o)
                0x00007ed4                _ZN4UTFT8setPixelEj
 .text._ZN4UTFT9drawPixelEii
                0x00007eda       0x48 D:\Diplomarbeit\Code\Atmel\Fernbedienung_server\fernbedienung\ArduinoCore\Debug\libArduinoCore.a(UTFT.o)
                0x00007eda                _ZN4UTFT9drawPixelEii
 .text._ZN4UTFT9drawHLineEiii
                0x00007f22       0xbc D:\Diplomarbeit\Code\Atmel\Fernbedienung_server\fernbedienung\ArduinoCore\Debug\libArduinoCore.a(UTFT.o)
                0x00007f22                _ZN4UTFT9drawHLineEiii
 .text._ZN4UTFT13fillRoundRectEiiii
                0x00007fde      0x158 D:\Diplomarbeit\Code\Atmel\Fernbedienung_server\fernbedienung\ArduinoCore\Debug\libArduinoCore.a(UTFT.o)
                0x00007fde                _ZN4UTFT13fillRoundRectEiiii
 .text._ZN4UTFT9drawVLineEiii
                0x00008136       0xbe D:\Diplomarbeit\Code\Atmel\Fernbedienung_server\fernbedienung\ArduinoCore\Debug\libArduinoCore.a(UTFT.o)
                0x00008136                _ZN4UTFT9drawVLineEiii
 .text._ZN4UTFT8drawRectEiiii
                0x000081f4       0x88 D:\Diplomarbeit\Code\Atmel\Fernbedienung_server\fernbedienung\ArduinoCore\Debug\libArduinoCore.a(UTFT.o)
                0x000081f4                _ZN4UTFT8drawRectEiiii
 .text._ZN4UTFT13drawRoundRectEiiii
                0x0000827c      0x164 D:\Diplomarbeit\Code\Atmel\Fernbedienung_server\fernbedienung\ArduinoCore\Debug\libArduinoCore.a(UTFT.o)
                0x0000827c                _ZN4UTFT13drawRoundRectEiiii
 .text._ZN4UTFT8fillRectEiiii
                0x000083e0      0x1f6 D:\Diplomarbeit\Code\Atmel\Fernbedienung_server\fernbedienung\ArduinoCore\Debug\libArduinoCore.a(UTFT.o)
                0x000083e0                _ZN4UTFT8fillRectEiiii
 .text._ZN4UTFT8drawLineEiiii
                0x000085d6      0x1d4 D:\Diplomarbeit\Code\Atmel\Fernbedienung_server\fernbedienung\ArduinoCore\Debug\libArduinoCore.a(UTFT.o)
                0x000085d6                _ZN4UTFT8drawLineEiiii
 .text._ZN4UTFT9printCharEhii
                0x000087aa      0x3c8 D:\Diplomarbeit\Code\Atmel\Fernbedienung_server\fernbedienung\ArduinoCore\Debug\libArduinoCore.a(UTFT.o)
                0x000087aa                _ZN4UTFT9printCharEhii
 .text._ZN4UTFT10rotateCharEhiiii
                0x00008b72      0x344 D:\Diplomarbeit\Code\Atmel\Fernbedienung_server\fernbedienung\ArduinoCore\Debug\libArduinoCore.a(UTFT.o)
                0x00008b72                _ZN4UTFT10rotateCharEhiiii
 .text._ZN4UTFT5printEPciii
                0x00008eb6      0x14c D:\Diplomarbeit\Code\Atmel\Fernbedienung_server\fernbedienung\ArduinoCore\Debug\libArduinoCore.a(UTFT.o)
                0x00008eb6                _ZN4UTFT5printEPciii
 .text._ZN4UTFT5printE6Stringiii
                0x00009002       0x8c D:\Diplomarbeit\Code\Atmel\Fernbedienung_server\fernbedienung\ArduinoCore\Debug\libArduinoCore.a(UTFT.o)
                0x00009002                _ZN4UTFT5printE6Stringiii
 .text._ZN4UTFT9printNumIEliiic
                0x0000908e      0x1d0 D:\Diplomarbeit\Code\Atmel\Fernbedienung_server\fernbedienung\ArduinoCore\Debug\libArduinoCore.a(UTFT.o)
                0x0000908e                _ZN4UTFT9printNumIEliiic
 .text._ZN4UTFT7setFontEPh
                0x0000925e       0x36 D:\Diplomarbeit\Code\Atmel\Fernbedienung_server\fernbedienung\ArduinoCore\Debug\libArduinoCore.a(UTFT.o)
                0x0000925e                _ZN4UTFT7setFontEPh
 .text.__empty  0x00009294        0x2 D:\Diplomarbeit\Code\Atmel\Fernbedienung_server\fernbedienung\ArduinoCore\Debug\libArduinoCore.a(hooks.o)
                0x00009294                yield
 .text.turnOffPWM
                0x00009296       0xaa D:\Diplomarbeit\Code\Atmel\Fernbedienung_server\fernbedienung\ArduinoCore\Debug\libArduinoCore.a(wiring_digital.o)
 .text.pinMode  0x00009340       0x78 D:\Diplomarbeit\Code\Atmel\Fernbedienung_server\fernbedienung\ArduinoCore\Debug\libArduinoCore.a(wiring_digital.o)
                0x00009340                pinMode
 .text.digitalWrite
                0x000093b8       0x5e D:\Diplomarbeit\Code\Atmel\Fernbedienung_server\fernbedienung\ArduinoCore\Debug\libArduinoCore.a(wiring_digital.o)
                0x000093b8                digitalWrite
 .text._Z3maplllll
                0x00009416       0x7e D:\Diplomarbeit\Code\Atmel\Fernbedienung_server\fernbedienung\ArduinoCore\Debug\libArduinoCore.a(WMath.o)
                0x00009416                _Z3maplllll
 .text.avr-libc.fplib
                0x00009494        0x6 d:/programme/atmel/studio/7.0/toolchain/avr8/avr8-gnu-toolchain/bin/../lib/gcc/avr/4.9.2/../../../../avr/lib/avr6\libm.a(cos.o)
                0x00009494                cos
 .text.avr-libc.fplib
                0x0000949a       0x54 d:/programme/atmel/studio/7.0/toolchain/avr8/avr8-gnu-toolchain/bin/../lib/gcc/avr/4.9.2/../../../../avr/lib/avr6\libm.a(fp_rempio2.o)
                0x0000949e                __fp_rempio2
 .text.avr-libc.fplib
                0x000094ee       0x26 d:/programme/atmel/studio/7.0/toolchain/avr8/avr8-gnu-toolchain/bin/../lib/gcc/avr/4.9.2/../../../../avr/lib/avr6\libm.a(fp_sinus.o)
                0x000094ee                __fp_sinus
 .text.avr-libc.fplib
                0x00009514        0xc d:/programme/atmel/studio/7.0/toolchain/avr8/avr8-gnu-toolchain/bin/../lib/gcc/avr/4.9.2/../../../../avr/lib/avr6\libm.a(sin.o)
                0x00009514                sin
 .text.avr-libc.fplib
                0x00009520       0x1c d:/programme/atmel/studio/7.0/toolchain/avr8/avr8-gnu-toolchain/bin/../lib/gcc/avr/4.9.2/../../../../avr/lib/avr6\libm.a(fp_mpack.o)
                0x00009520                __fp_mpack
                0x00009524                __fp_mpack_finite
 .text.avr-libc.fplib
                0x0000953c       0x26 d:/programme/atmel/studio/7.0/toolchain/avr8/avr8-gnu-toolchain/bin/../lib/gcc/avr/4.9.2/../../../../avr/lib/avr6\libm.a(fp_powsodd.o)
                0x0000953c                __fp_powsodd
 .text.avr-libc.fplib
                0x00009562       0x4e d:/programme/atmel/studio/7.0/toolchain/avr8/avr8-gnu-toolchain/bin/../lib/gcc/avr/4.9.2/../../../../avr/lib/avr6\libm.a(fp_powser.o)
                0x00009562                __fp_powser
 .text.libgcc.mul
                0x000095b0       0x1e d:/programme/atmel/studio/7.0/toolchain/avr8/avr8-gnu-toolchain/bin/../lib/gcc/avr/4.9.2/avr6\libgcc.a(_mulsi3.o)
                0x000095b0                __mulsi3
 .text.libgcc.div
                0x000095ce       0x18 d:/programme/atmel/studio/7.0/toolchain/avr8/avr8-gnu-toolchain/bin/../lib/gcc/avr/4.9.2/avr6\libgcc.a(_udivmodqi4.o)
                0x000095ce                __udivmodqi4
 .text.libgcc.div
                0x000095e6       0x28 d:/programme/atmel/studio/7.0/toolchain/avr8/avr8-gnu-toolchain/bin/../lib/gcc/avr/4.9.2/avr6\libgcc.a(_udivmodhi4.o)
                0x000095e6                __udivmodhi4
 .text.libgcc.div
                0x0000960e       0x26 d:/programme/atmel/studio/7.0/toolchain/avr8/avr8-gnu-toolchain/bin/../lib/gcc/avr/4.9.2/avr6\libgcc.a(_divmodhi4.o)
                0x0000960e                _div
                0x0000960e                __divmodhi4
 .text.libgcc.div
                0x00009634       0x44 d:/programme/atmel/studio/7.0/toolchain/avr8/avr8-gnu-toolchain/bin/../lib/gcc/avr/4.9.2/avr6\libgcc.a(_udivmodsi4.o)
                0x00009634                __udivmodsi4
 .text.libgcc.div
                0x00009678       0x28 d:/programme/atmel/studio/7.0/toolchain/avr8/avr8-gnu-toolchain/bin/../lib/gcc/avr/4.9.2/avr6\libgcc.a(_divmodsi4.o)
                0x00009678                __divmodsi4
 .text.libgcc.div
                0x000096a0       0x10 d:/programme/atmel/studio/7.0/toolchain/avr8/avr8-gnu-toolchain/bin/../lib/gcc/avr/4.9.2/avr6\libgcc.a(_negsi2.o)
                0x000096a0                __negsi2
 .text.libgcc   0x000096b0       0x10 d:/programme/atmel/studio/7.0/toolchain/avr8/avr8-gnu-toolchain/bin/../lib/gcc/avr/4.9.2/avr6\libgcc.a(_tablejump2.o)
                0x000096b0                __tablejump2__
 .text.libgcc.mul
                0x000096c0       0x14 d:/programme/atmel/studio/7.0/toolchain/avr8/avr8-gnu-toolchain/bin/../lib/gcc/avr/4.9.2/avr6\libgcc.a(_muluhisi3.o)
                0x000096c0                __muluhisi3
 .text.libgcc.mul
                0x000096d4       0x1e d:/programme/atmel/studio/7.0/toolchain/avr8/avr8-gnu-toolchain/bin/../lib/gcc/avr/4.9.2/avr6\libgcc.a(_umulhisi3.o)
                0x000096d4                __umulhisi3
 .text.avr-libc
                0x000096f2      0x25a d:/programme/atmel/studio/7.0/toolchain/avr8/avr8-gnu-toolchain/bin/../lib/gcc/avr/4.9.2/../../../../avr/lib/avr6\libc.a(malloc.o)
                0x000096f2                malloc
                0x0000981c                free
 .text.avr-libc
                0x0000994c      0x1c8 d:/programme/atmel/studio/7.0/toolchain/avr8/avr8-gnu-toolchain/bin/../lib/gcc/avr/4.9.2/../../../../avr/lib/avr6\libc.a(realloc.o)
                0x0000994c                realloc
 .text.avr-libc
                0x00009b14       0x12 d:/programme/atmel/studio/7.0/toolchain/avr8/avr8-gnu-toolchain/bin/../lib/gcc/avr/4.9.2/../../../../avr/lib/avr6\libc.a(memcpy.o)
                0x00009b14                memcpy
 .text.avr-libc
                0x00009b26       0x16 d:/programme/atmel/studio/7.0/toolchain/avr8/avr8-gnu-toolchain/bin/../lib/gcc/avr/4.9.2/../../../../avr/lib/avr6\libc.a(strcat.o)
                0x00009b26                strcat
 .text.avr-libc
                0x00009b3c        0xe d:/programme/atmel/studio/7.0/toolchain/avr8/avr8-gnu-toolchain/bin/../lib/gcc/avr/4.9.2/../../../../avr/lib/avr6\libc.a(strcpy.o)
                0x00009b3c                strcpy
 .text.avr-libc
                0x00009b4a       0x1e d:/programme/atmel/studio/7.0/toolchain/avr8/avr8-gnu-toolchain/bin/../lib/gcc/avr/4.9.2/../../../../avr/lib/avr6\libc.a(strncpy.o)
                0x00009b4a                strncpy
 .text.avr-libc
                0x00009b68       0x14 d:/programme/atmel/studio/7.0/toolchain/avr8/avr8-gnu-toolchain/bin/../lib/gcc/avr/4.9.2/../../../../avr/lib/avr6\libc.a(itoa_ncheck.o)
                0x00009b68                __itoa_ncheck
 .text.avr-libc
                0x00009b7c       0x32 d:/programme/atmel/studio/7.0/toolchain/avr8/avr8-gnu-toolchain/bin/../lib/gcc/avr/4.9.2/../../../../avr/lib/avr6\libc.a(utoa_ncheck.o)
                0x00009b7c                __utoa_ncheck
                0x00009b7e                __utoa_common
 .text.avr-libc
                0x00009bae       0x20 d:/programme/atmel/studio/7.0/toolchain/avr8/avr8-gnu-toolchain/bin/../lib/gcc/avr/4.9.2/../../../../avr/lib/avr6\libc.a(strrev.o)
                0x00009bae                strrev
                0x00009bce                . = ALIGN (0x2)
 *(.fini9)
 .fini9         0x00009bce        0x0 d:/programme/atmel/studio/7.0/toolchain/avr8/avr8-gnu-toolchain/bin/../lib/gcc/avr/4.9.2/avr6\libgcc.a(_exit.o)
                0x00009bce                _exit
                0x00009bce                exit
 *(.fini9)
 *(.fini8)
 *(.fini8)
 *(.fini7)
 *(.fini7)
 *(.fini6)
 .fini6         0x00009bce       0x1e d:/programme/atmel/studio/7.0/toolchain/avr8/avr8-gnu-toolchain/bin/../lib/gcc/avr/4.9.2/avr6\libgcc.a(_dtors.o)
                0x00009bce                __do_global_dtors
 *(.fini6)
 *(.fini5)
 *(.fini5)
 *(.fini4)
 *(.fini4)
 *(.fini3)
 *(.fini3)
 *(.fini2)
 *(.fini2)
 *(.fini1)
 *(.fini1)
 *(.fini0)
 .fini0         0x00009bec        0x4 d:/programme/atmel/studio/7.0/toolchain/avr8/avr8-gnu-toolchain/bin/../lib/gcc/avr/4.9.2/avr6\libgcc.a(_exit.o)
 *(.fini0)
                0x00009bf0                _etext = .

.data           0x00800200      0x2b8 load address 0x00009bf0
                0x00800200                PROVIDE (__data_start, .)
 *(.data)
 .data          0x00800200        0x6 d:/programme/atmel/studio/7.0/toolchain/avr8/avr8-gnu-toolchain/bin/../lib/gcc/avr/4.9.2/../../../../avr/lib/avr6\libc.a(malloc.o)
                0x00800200                __malloc_heap_end
                0x00800202                __malloc_heap_start
                0x00800204                __malloc_margin
 *(.data*)
 *(.rodata)
 .rodata        0x00800206       0x1a Sketch.o
 .rodata        0x00800220       0xa0 D:\Diplomarbeit\Code\Atmel\Fernbedienung_server\fernbedienung\ArduinoCore\Debug\libArduinoCore.a(UTFT.o)
 *(.rodata*)
 .rodata.str1.1
                0x008002c0      0x1f7 Sketch.o
                                0x1ff (size before relaxing)
 .rodata.str1.1
                0x008004b7        0x1 D:\Diplomarbeit\Code\Atmel\Fernbedienung_server\fernbedienung\ArduinoCore\Debug\libArduinoCore.a(WString.o)
 *(.gnu.linkonce.d*)
                0x008004b8                . = ALIGN (0x2)
 *fill*         0x008004b7        0x1 
                0x008004b8                _edata = .
                0x008004b8                PROVIDE (__data_end, .)

.bss            0x008004b8      0x61e
                0x008004b8                PROVIDE (__bss_start, .)
 *(.bss)
 *(.bss*)
 .bss.Temp.1685
                0x008004b8       0x64 esp8266.o
 .bss.charCounter.1686
                0x0080051c        0x1 esp8266.o
 .bss.MCallBack
                0x0080051d        0x2 esp8266.o
 .bss.waitingForPong
                0x0080051f        0x1 Sketch.o
                0x0080051f                waitingForPong
 .bss.Int_count
                0x00800520        0x1 Sketch.o
                0x00800520                Int_count
 .bss.timeoutDetectionRunning
                0x00800521        0x1 Sketch.o
                0x00800521                timeoutDetectionRunning
 .bss.InitSucsessfull
                0x00800522        0x1 Sketch.o
                0x00800522                InitSucsessfull
 .bss.DisplayLocked
                0x00800523        0x1 Sketch.o
                0x00800523                DisplayLocked
 .bss.allEntries
                0x00800524      0x4b0 Sketch.o
                0x00800524                allEntries
 .bss.y         0x008009d4        0x2 Sketch.o
                0x008009d4                y
 .bss.x         0x008009d6        0x2 Sketch.o
                0x008009d6                x
 .bss.ActiveScreen
                0x008009d8        0x2 Sketch.o
                0x008009d8                ActiveScreen
 .bss.ScrollPosition
                0x008009da        0x2 Sketch.o
                0x008009da                ScrollPosition
 .bss.NumberOfMenuEntries
                0x008009dc        0x2 Sketch.o
                0x008009dc                NumberOfMenuEntries
 .bss.LogLength
                0x008009de        0x1 Sketch.o
                0x008009de                LogLength
 .bss.Log       0x008009df       0x5a Sketch.o
                0x008009df                Log
 .bss.myTouch   0x00800a39       0x3b Sketch.o
                0x00800a39                myTouch
 .bss.myGLCD    0x00800a74       0x31 Sketch.o
                0x00800a74                myGLCD
 .bss.callBack  0x00800aa5        0x2 uart1.o
                0x00800aa5                callBack
 .bss.receveReady
                0x00800aa7        0x1 uart1.o
 .bss.receveData
                0x00800aa8        0x1 uart1.o
 .bss.sendReady
                0x00800aa9        0x1 uart1.o
 .bss.sendIndex
                0x00800aaa        0x1 uart1.o
 .bss.sendBuffer
                0x00800aab       0x1e uart1.o
 .bss.timer0_fract
                0x00800ac9        0x1 D:\Diplomarbeit\Code\Atmel\Fernbedienung_server\fernbedienung\ArduinoCore\Debug\libArduinoCore.a(wiring.o)
 .bss.timer0_millis
                0x00800aca        0x4 D:\Diplomarbeit\Code\Atmel\Fernbedienung_server\fernbedienung\ArduinoCore\Debug\libArduinoCore.a(wiring.o)
                0x00800aca                timer0_millis
 .bss.timer0_overflow_count
                0x00800ace        0x4 D:\Diplomarbeit\Code\Atmel\Fernbedienung_server\fernbedienung\ArduinoCore\Debug\libArduinoCore.a(wiring.o)
                0x00800ace                timer0_overflow_count
 *(COMMON)
 COMMON         0x00800ad2        0x4 d:/programme/atmel/studio/7.0/toolchain/avr8/avr8-gnu-toolchain/bin/../lib/gcc/avr/4.9.2/../../../../avr/lib/avr6\libc.a(malloc.o)
                0x00800ad2                __brkval
                0x00800ad4                __flp
                0x00800ad6                PROVIDE (__bss_end, .)
                0x00009bf0                __data_load_start = LOADADDR (.data)
                0x00009ea8                __data_load_end = (__data_load_start + SIZEOF (.data))

.noinit         0x00800ad6        0x0
                [!provide]                PROVIDE (__noinit_start, .)
 *(.noinit*)
                [!provide]                PROVIDE (__noinit_end, .)
                0x00800ad6                _end = .
                0x00800ad6                PROVIDE (__heap_start, .)

.eeprom         0x00810000        0x0
 *(.eeprom*)
                0x00810000                __eeprom_end = .

.fuse
 *(.fuse)
 *(.lfuse)
 *(.hfuse)
 *(.efuse)

.lock
 *(.lock*)

.signature
 *(.signature*)

.user_signatures
 *(.user_signatures*)

.stab
 *(.stab)

.stabstr
 *(.stabstr)

.stab.excl
 *(.stab.excl)

.stab.exclstr
 *(.stab.exclstr)

.stab.index
 *(.stab.index)

.stab.indexstr
 *(.stab.indexstr)

.comment        0x00000000       0x30
 *(.comment)
 .comment       0x00000000       0x30 esp8266.o
                                 0x31 (size before relaxing)
 .comment       0x00000030       0x31 Sketch.o
 .comment       0x00000030       0x31 uart1.o
 .comment       0x00000030       0x31 D:\Diplomarbeit\Code\Atmel\Fernbedienung_server\fernbedienung\ArduinoCore\Debug\libArduinoCore.a(main.o)
 .comment       0x00000030       0x31 D:\Diplomarbeit\Code\Atmel\Fernbedienung_server\fernbedienung\ArduinoCore\Debug\libArduinoCore.a(wiring.o)
 .comment       0x00000030       0x31 D:\Diplomarbeit\Code\Atmel\Fernbedienung_server\fernbedienung\ArduinoCore\Debug\libArduinoCore.a(WString.o)
 .comment       0x00000030       0x31 D:\Diplomarbeit\Code\Atmel\Fernbedienung_server\fernbedienung\ArduinoCore\Debug\libArduinoCore.a(URTouch.o)
 .comment       0x00000030       0x31 D:\Diplomarbeit\Code\Atmel\Fernbedienung_server\fernbedienung\ArduinoCore\Debug\libArduinoCore.a(UTFT.o)
 .comment       0x00000030       0x31 D:\Diplomarbeit\Code\Atmel\Fernbedienung_server\fernbedienung\ArduinoCore\Debug\libArduinoCore.a(DefaultFonts.o)
 .comment       0x00000030       0x31 D:\Diplomarbeit\Code\Atmel\Fernbedienung_server\fernbedienung\ArduinoCore\Debug\libArduinoCore.a(hooks.o)
 .comment       0x00000030       0x31 D:\Diplomarbeit\Code\Atmel\Fernbedienung_server\fernbedienung\ArduinoCore\Debug\libArduinoCore.a(wiring_digital.o)
 .comment       0x00000030       0x31 D:\Diplomarbeit\Code\Atmel\Fernbedienung_server\fernbedienung\ArduinoCore\Debug\libArduinoCore.a(WMath.o)
 .comment       0x00000030       0x31 d:/programme/atmel/studio/7.0/toolchain/avr8/avr8-gnu-toolchain/bin/../lib/gcc/avr/4.9.2/../../../../avr/lib/avr6\libc.a(malloc.o)
 .comment       0x00000030       0x31 d:/programme/atmel/studio/7.0/toolchain/avr8/avr8-gnu-toolchain/bin/../lib/gcc/avr/4.9.2/../../../../avr/lib/avr6\libc.a(realloc.o)

.note.gnu.avr.deviceinfo
                0x00000000       0x40
 .note.gnu.avr.deviceinfo
                0x00000000       0x40 D:/Programme/Atmel/Studio/7.0/Packs/atmel/ATmega_DFP/1.0.106/gcc/dev/atmega2560/avr6/crtatmega2560.o

.note.gnu.build-id
 *(.note.gnu.build-id)

.debug
 *(.debug)

.line
 *(.line)

.debug_srcinfo
 *(.debug_srcinfo)

.debug_sfnames
 *(.debug_sfnames)

.debug_aranges  0x00000000      0x7e8
 *(.debug_aranges)
 .debug_aranges
                0x00000000       0x40 esp8266.o
 .debug_aranges
                0x00000040       0xf0 Sketch.o
 .debug_aranges
                0x00000130       0xa0 uart1.o
 .debug_aranges
                0x000001d0       0x38 D:\Diplomarbeit\Code\Atmel\Fernbedienung_server\fernbedienung\ArduinoCore\Debug\libArduinoCore.a(main.o)
 .debug_aranges
                0x00000208       0x48 D:\Diplomarbeit\Code\Atmel\Fernbedienung_server\fernbedienung\ArduinoCore\Debug\libArduinoCore.a(wiring.o)
 .debug_aranges
                0x00000250      0x2a8 D:\Diplomarbeit\Code\Atmel\Fernbedienung_server\fernbedienung\ArduinoCore\Debug\libArduinoCore.a(WString.o)
 .debug_aranges
                0x000004f8       0x68 D:\Diplomarbeit\Code\Atmel\Fernbedienung_server\fernbedienung\ArduinoCore\Debug\libArduinoCore.a(URTouch.o)
 .debug_aranges
                0x00000560      0x1d0 D:\Diplomarbeit\Code\Atmel\Fernbedienung_server\fernbedienung\ArduinoCore\Debug\libArduinoCore.a(UTFT.o)
 .debug_aranges
                0x00000730       0x18 D:\Diplomarbeit\Code\Atmel\Fernbedienung_server\fernbedienung\ArduinoCore\Debug\libArduinoCore.a(DefaultFonts.o)
 .debug_aranges
                0x00000748       0x20 D:\Diplomarbeit\Code\Atmel\Fernbedienung_server\fernbedienung\ArduinoCore\Debug\libArduinoCore.a(hooks.o)
 .debug_aranges
                0x00000768       0x38 D:\Diplomarbeit\Code\Atmel\Fernbedienung_server\fernbedienung\ArduinoCore\Debug\libArduinoCore.a(wiring_digital.o)
 .debug_aranges
                0x000007a0       0x48 D:\Diplomarbeit\Code\Atmel\Fernbedienung_server\fernbedienung\ArduinoCore\Debug\libArduinoCore.a(WMath.o)

.debug_pubnames
 *(.debug_pubnames)

.debug_info     0x00000000    0x13f78
 *(.debug_info .gnu.linkonce.wi.*)
 .debug_info    0x00000000      0x360 esp8266.o
 .debug_info    0x00000360     0x74c9 Sketch.o
 .debug_info    0x00007829      0x5e3 uart1.o
 .debug_info    0x00007e0c      0x28f D:\Diplomarbeit\Code\Atmel\Fernbedienung_server\fernbedienung\ArduinoCore\Debug\libArduinoCore.a(main.o)
 .debug_info    0x0000809b      0x326 D:\Diplomarbeit\Code\Atmel\Fernbedienung_server\fernbedienung\ArduinoCore\Debug\libArduinoCore.a(wiring.o)
 .debug_info    0x000083c1     0x4469 D:\Diplomarbeit\Code\Atmel\Fernbedienung_server\fernbedienung\ArduinoCore\Debug\libArduinoCore.a(WString.o)
 .debug_info    0x0000c82a      0xdc3 D:\Diplomarbeit\Code\Atmel\Fernbedienung_server\fernbedienung\ArduinoCore\Debug\libArduinoCore.a(URTouch.o)
 .debug_info    0x0000d5ed     0x5fa0 D:\Diplomarbeit\Code\Atmel\Fernbedienung_server\fernbedienung\ArduinoCore\Debug\libArduinoCore.a(UTFT.o)
 .debug_info    0x0001358d      0x138 D:\Diplomarbeit\Code\Atmel\Fernbedienung_server\fernbedienung\ArduinoCore\Debug\libArduinoCore.a(DefaultFonts.o)
 .debug_info    0x000136c5       0x3e D:\Diplomarbeit\Code\Atmel\Fernbedienung_server\fernbedienung\ArduinoCore\Debug\libArduinoCore.a(hooks.o)
 .debug_info    0x00013703      0x635 D:\Diplomarbeit\Code\Atmel\Fernbedienung_server\fernbedienung\ArduinoCore\Debug\libArduinoCore.a(wiring_digital.o)
 .debug_info    0x00013d38      0x240 D:\Diplomarbeit\Code\Atmel\Fernbedienung_server\fernbedienung\ArduinoCore\Debug\libArduinoCore.a(WMath.o)

.debug_abbrev   0x00000000     0x1cdf
 *(.debug_abbrev)
 .debug_abbrev  0x00000000      0x1e3 esp8266.o
 .debug_abbrev  0x000001e3      0x631 Sketch.o
 .debug_abbrev  0x00000814      0x24f uart1.o
 .debug_abbrev  0x00000a63      0x109 D:\Diplomarbeit\Code\Atmel\Fernbedienung_server\fernbedienung\ArduinoCore\Debug\libArduinoCore.a(main.o)
 .debug_abbrev  0x00000b6c      0x145 D:\Diplomarbeit\Code\Atmel\Fernbedienung_server\fernbedienung\ArduinoCore\Debug\libArduinoCore.a(wiring.o)
 .debug_abbrev  0x00000cb1      0x4d0 D:\Diplomarbeit\Code\Atmel\Fernbedienung_server\fernbedienung\ArduinoCore\Debug\libArduinoCore.a(WString.o)
 .debug_abbrev  0x00001181      0x2a9 D:\Diplomarbeit\Code\Atmel\Fernbedienung_server\fernbedienung\ArduinoCore\Debug\libArduinoCore.a(URTouch.o)
 .debug_abbrev  0x0000142a      0x578 D:\Diplomarbeit\Code\Atmel\Fernbedienung_server\fernbedienung\ArduinoCore\Debug\libArduinoCore.a(UTFT.o)
 .debug_abbrev  0x000019a2       0x6e D:\Diplomarbeit\Code\Atmel\Fernbedienung_server\fernbedienung\ArduinoCore\Debug\libArduinoCore.a(DefaultFonts.o)
 .debug_abbrev  0x00001a10       0x2a D:\Diplomarbeit\Code\Atmel\Fernbedienung_server\fernbedienung\ArduinoCore\Debug\libArduinoCore.a(hooks.o)
 .debug_abbrev  0x00001a3a      0x15a D:\Diplomarbeit\Code\Atmel\Fernbedienung_server\fernbedienung\ArduinoCore\Debug\libArduinoCore.a(wiring_digital.o)
 .debug_abbrev  0x00001b94      0x14b D:\Diplomarbeit\Code\Atmel\Fernbedienung_server\fernbedienung\ArduinoCore\Debug\libArduinoCore.a(WMath.o)

.debug_line     0x00000000     0x5243
 *(.debug_line .debug_line.* .debug_line_end)
 .debug_line    0x00000000      0x164 esp8266.o
 .debug_line    0x00000164     0x10c6 Sketch.o
 .debug_line    0x0000122a      0x3eb uart1.o
 .debug_line    0x00001615      0x167 D:\Diplomarbeit\Code\Atmel\Fernbedienung_server\fernbedienung\ArduinoCore\Debug\libArduinoCore.a(main.o)
 .debug_line    0x0000177c      0x2c1 D:\Diplomarbeit\Code\Atmel\Fernbedienung_server\fernbedienung\ArduinoCore\Debug\libArduinoCore.a(wiring.o)
 .debug_line    0x00001a3d     0x128f D:\Diplomarbeit\Code\Atmel\Fernbedienung_server\fernbedienung\ArduinoCore\Debug\libArduinoCore.a(WString.o)
 .debug_line    0x00002ccc      0x534 D:\Diplomarbeit\Code\Atmel\Fernbedienung_server\fernbedienung\ArduinoCore\Debug\libArduinoCore.a(URTouch.o)
 .debug_line    0x00003200     0x1bb9 D:\Diplomarbeit\Code\Atmel\Fernbedienung_server\fernbedienung\ArduinoCore\Debug\libArduinoCore.a(UTFT.o)
 .debug_line    0x00004db9       0x90 D:\Diplomarbeit\Code\Atmel\Fernbedienung_server\fernbedienung\ArduinoCore\Debug\libArduinoCore.a(DefaultFonts.o)
 .debug_line    0x00004e49       0x41 D:\Diplomarbeit\Code\Atmel\Fernbedienung_server\fernbedienung\ArduinoCore\Debug\libArduinoCore.a(hooks.o)
 .debug_line    0x00004e8a      0x27a D:\Diplomarbeit\Code\Atmel\Fernbedienung_server\fernbedienung\ArduinoCore\Debug\libArduinoCore.a(wiring_digital.o)
 .debug_line    0x00005104      0x13f D:\Diplomarbeit\Code\Atmel\Fernbedienung_server\fernbedienung\ArduinoCore\Debug\libArduinoCore.a(WMath.o)

.debug_frame    0x00000000     0x2200
 *(.debug_frame)
 .debug_frame   0x00000000       0x9c esp8266.o
 .debug_frame   0x0000009c      0x57c Sketch.o
 .debug_frame   0x00000618      0x20c uart1.o
 .debug_frame   0x00000824       0x54 D:\Diplomarbeit\Code\Atmel\Fernbedienung_server\fernbedienung\ArduinoCore\Debug\libArduinoCore.a(main.o)
 .debug_frame   0x00000878       0xc4 D:\Diplomarbeit\Code\Atmel\Fernbedienung_server\fernbedienung\ArduinoCore\Debug\libArduinoCore.a(wiring.o)
 .debug_frame   0x0000093c      0xa48 D:\Diplomarbeit\Code\Atmel\Fernbedienung_server\fernbedienung\ArduinoCore\Debug\libArduinoCore.a(WString.o)
 .debug_frame   0x00001384      0x200 D:\Diplomarbeit\Code\Atmel\Fernbedienung_server\fernbedienung\ArduinoCore\Debug\libArduinoCore.a(URTouch.o)
 .debug_frame   0x00001584      0xaec D:\Diplomarbeit\Code\Atmel\Fernbedienung_server\fernbedienung\ArduinoCore\Debug\libArduinoCore.a(UTFT.o)
 .debug_frame   0x00002070       0x24 D:\Diplomarbeit\Code\Atmel\Fernbedienung_server\fernbedienung\ArduinoCore\Debug\libArduinoCore.a(hooks.o)
 .debug_frame   0x00002094       0x7c D:\Diplomarbeit\Code\Atmel\Fernbedienung_server\fernbedienung\ArduinoCore\Debug\libArduinoCore.a(wiring_digital.o)
 .debug_frame   0x00002110       0xf0 D:\Diplomarbeit\Code\Atmel\Fernbedienung_server\fernbedienung\ArduinoCore\Debug\libArduinoCore.a(WMath.o)

.debug_str      0x00000000     0x2600
 *(.debug_str)
 .debug_str     0x00000000      0x256 esp8266.o
                                0x2a8 (size before relaxing)
 .debug_str     0x00000256     0x1a36 Sketch.o
                               0x1c76 (size before relaxing)
 .debug_str     0x00001c8c      0x14e uart1.o
                                0x36e (size before relaxing)
 .debug_str     0x00001dda       0xaf D:\Diplomarbeit\Code\Atmel\Fernbedienung_server\fernbedienung\ArduinoCore\Debug\libArduinoCore.a(main.o)
                                0x2ba (size before relaxing)
 .debug_str     0x00001e89       0x8b D:\Diplomarbeit\Code\Atmel\Fernbedienung_server\fernbedienung\ArduinoCore\Debug\libArduinoCore.a(wiring.o)
                                0x244 (size before relaxing)
 .debug_str     0x00001f14      0x3a0 D:\Diplomarbeit\Code\Atmel\Fernbedienung_server\fernbedienung\ArduinoCore\Debug\libArduinoCore.a(WString.o)
                                0xf3e (size before relaxing)
 .debug_str     0x000022b4      0x146 D:\Diplomarbeit\Code\Atmel\Fernbedienung_server\fernbedienung\ArduinoCore\Debug\libArduinoCore.a(URTouch.o)
                                0x5ba (size before relaxing)
 .debug_str     0x000023fa       0xb2 D:\Diplomarbeit\Code\Atmel\Fernbedienung_server\fernbedienung\ArduinoCore\Debug\libArduinoCore.a(UTFT.o)
                               0x151e (size before relaxing)
 .debug_str     0x000024ac       0x28 D:\Diplomarbeit\Code\Atmel\Fernbedienung_server\fernbedienung\ArduinoCore\Debug\libArduinoCore.a(DefaultFonts.o)
                                0x1fa (size before relaxing)
 .debug_str     0x000024d4       0x1c D:\Diplomarbeit\Code\Atmel\Fernbedienung_server\fernbedienung\ArduinoCore\Debug\libArduinoCore.a(hooks.o)
                                0x139 (size before relaxing)
 .debug_str     0x000024f0       0x69 D:\Diplomarbeit\Code\Atmel\Fernbedienung_server\fernbedienung\ArduinoCore\Debug\libArduinoCore.a(wiring_digital.o)
                                0x2a9 (size before relaxing)
 .debug_str     0x00002559       0xa7 D:\Diplomarbeit\Code\Atmel\Fernbedienung_server\fernbedienung\ArduinoCore\Debug\libArduinoCore.a(WMath.o)
                                0x247 (size before relaxing)

.debug_loc      0x00000000     0xedb1
 *(.debug_loc)
 .debug_loc     0x00000000      0x15b esp8266.o
 .debug_loc     0x0000015b     0x2f06 Sketch.o
 .debug_loc     0x00003061      0x717 uart1.o
 .debug_loc     0x00003778      0x269 D:\Diplomarbeit\Code\Atmel\Fernbedienung_server\fernbedienung\ArduinoCore\Debug\libArduinoCore.a(wiring.o)
 .debug_loc     0x000039e1     0x417e D:\Diplomarbeit\Code\Atmel\Fernbedienung_server\fernbedienung\ArduinoCore\Debug\libArduinoCore.a(WString.o)
 .debug_loc     0x00007b5f      0xdfa D:\Diplomarbeit\Code\Atmel\Fernbedienung_server\fernbedienung\ArduinoCore\Debug\libArduinoCore.a(URTouch.o)
 .debug_loc     0x00008959     0x5b39 D:\Diplomarbeit\Code\Atmel\Fernbedienung_server\fernbedienung\ArduinoCore\Debug\libArduinoCore.a(UTFT.o)
 .debug_loc     0x0000e492      0x552 D:\Diplomarbeit\Code\Atmel\Fernbedienung_server\fernbedienung\ArduinoCore\Debug\libArduinoCore.a(wiring_digital.o)
 .debug_loc     0x0000e9e4      0x3cd D:\Diplomarbeit\Code\Atmel\Fernbedienung_server\fernbedienung\ArduinoCore\Debug\libArduinoCore.a(WMath.o)

.debug_macinfo
 *(.debug_macinfo)

.debug_weaknames
 *(.debug_weaknames)

.debug_funcnames
 *(.debug_funcnames)

.debug_typenames
 *(.debug_typenames)

.debug_varnames
 *(.debug_varnames)

.debug_pubtypes
 *(.debug_pubtypes)

.debug_ranges   0x00000000      0x9b8
 *(.debug_ranges)
 .debug_ranges  0x00000000       0x30 esp8266.o
 .debug_ranges  0x00000030      0x1c0 Sketch.o
 .debug_ranges  0x000001f0       0x90 uart1.o
 .debug_ranges  0x00000280       0x28 D:\Diplomarbeit\Code\Atmel\Fernbedienung_server\fernbedienung\ArduinoCore\Debug\libArduinoCore.a(main.o)
 .debug_ranges  0x000002a8       0x38 D:\Diplomarbeit\Code\Atmel\Fernbedienung_server\fernbedienung\ArduinoCore\Debug\libArduinoCore.a(wiring.o)
 .debug_ranges  0x000002e0      0x300 D:\Diplomarbeit\Code\Atmel\Fernbedienung_server\fernbedienung\ArduinoCore\Debug\libArduinoCore.a(WString.o)
 .debug_ranges  0x000005e0       0x70 D:\Diplomarbeit\Code\Atmel\Fernbedienung_server\fernbedienung\ArduinoCore\Debug\libArduinoCore.a(URTouch.o)
 .debug_ranges  0x00000650      0x2f8 D:\Diplomarbeit\Code\Atmel\Fernbedienung_server\fernbedienung\ArduinoCore\Debug\libArduinoCore.a(UTFT.o)
 .debug_ranges  0x00000948       0x10 D:\Diplomarbeit\Code\Atmel\Fernbedienung_server\fernbedienung\ArduinoCore\Debug\libArduinoCore.a(hooks.o)
 .debug_ranges  0x00000958       0x28 D:\Diplomarbeit\Code\Atmel\Fernbedienung_server\fernbedienung\ArduinoCore\Debug\libArduinoCore.a(wiring_digital.o)
 .debug_ranges  0x00000980       0x38 D:\Diplomarbeit\Code\Atmel\Fernbedienung_server\fernbedienung\ArduinoCore\Debug\libArduinoCore.a(WMath.o)

.debug_macro
 *(.debug_macro)
OUTPUT(fernbedienung.elf elf32-avr)
LOAD linker stubs
